// Jest Snapshot v1, https://goo.gl/fbAQLP

exports[`Testing <App/> App has been rendered correctly 1`] = `
ShallowWrapper {
  Symbol(enzyme.__root__): [Circular],
  Symbol(enzyme.__unrendered__): <App />,
  Symbol(enzyme.__renderer__): Object {
    "batchedUpdates": [Function],
    "checkPropTypes": [Function],
    "getNode": [Function],
    "render": [Function],
    "simulateError": [Function],
    "simulateEvent": [Function],
    "unmount": [Function],
  },
  Symbol(enzyme.__node__): Object {
    "instance": null,
    "key": undefined,
    "nodeType": "class",
    "props": Object {
      "children": <ForwardRef>
        <Container
          tag="div"
        >
          <Header />
        </Container>
        <Container
          className="pt-5"
          tag="div"
        >
          <Switch>
            <Route
              component={[Function]}
              exact={true}
              path="/"
            />
            <Route
              component={[Function]}
              exact={true}
              path="/characters"
            />
            <Route
              component={[Function]}
              exact={true}
              path="/houses"
            />
            <Route
              component={[Function]}
              exact={true}
              path="/books"
            />
            <Route
              path="/books/:id/"
              render={[Function]}
            />
            <Route
              component={[Function]}
            />
          </Switch>
        </Container>
      </ForwardRef>,
    },
    "ref": null,
    "rendered": Object {
      "instance": null,
      "key": undefined,
      "nodeType": "function",
      "props": Object {
        "children": Array [
          <Container
            tag="div"
          >
            <Header />
          </Container>,
          <Container
            className="pt-5"
            tag="div"
          >
            <Switch>
              <Route
                component={[Function]}
                exact={true}
                path="/"
              />
              <Route
                component={[Function]}
                exact={true}
                path="/characters"
              />
              <Route
                component={[Function]}
                exact={true}
                path="/houses"
              />
              <Route
                component={[Function]}
                exact={true}
                path="/books"
              />
              <Route
                path="/books/:id/"
                render={[Function]}
              />
              <Route
                component={[Function]}
              />
            </Switch>
          </Container>,
        ],
      },
      "ref": null,
      "rendered": Array [
        Object {
          "instance": null,
          "key": undefined,
          "nodeType": "function",
          "props": Object {
            "children": <Header />,
            "tag": "div",
          },
          "ref": null,
          "rendered": Object {
            "instance": null,
            "key": undefined,
            "nodeType": "function",
            "props": Object {},
            "ref": null,
            "rendered": null,
            "type": [Function],
          },
          "type": [Function],
        },
        Object {
          "instance": null,
          "key": undefined,
          "nodeType": "function",
          "props": Object {
            "children": <Switch>
              <Route
                component={[Function]}
                exact={true}
                path="/"
              />
              <Route
                component={[Function]}
                exact={true}
                path="/characters"
              />
              <Route
                component={[Function]}
                exact={true}
                path="/houses"
              />
              <Route
                component={[Function]}
                exact={true}
                path="/books"
              />
              <Route
                path="/books/:id/"
                render={[Function]}
              />
              <Route
                component={[Function]}
              />
            </Switch>,
            "className": "pt-5",
            "tag": "div",
          },
          "ref": null,
          "rendered": Object {
            "instance": null,
            "key": undefined,
            "nodeType": "class",
            "props": Object {
              "children": Array [
                <Route
                  component={[Function]}
                  exact={true}
                  path="/"
                />,
                <Route
                  component={[Function]}
                  exact={true}
                  path="/characters"
                />,
                <Route
                  component={[Function]}
                  exact={true}
                  path="/houses"
                />,
                <Route
                  component={[Function]}
                  exact={true}
                  path="/books"
                />,
                <Route
                  path="/books/:id/"
                  render={[Function]}
                />,
                <Route
                  component={[Function]}
                />,
              ],
            },
            "ref": null,
            "rendered": Array [
              Object {
                "instance": null,
                "key": undefined,
                "nodeType": "class",
                "props": Object {
                  "component": [Function],
                  "exact": true,
                  "path": "/",
                },
                "ref": null,
                "rendered": null,
                "type": [Function],
              },
              Object {
                "instance": null,
                "key": undefined,
                "nodeType": "class",
                "props": Object {
                  "component": [Function],
                  "exact": true,
                  "path": "/characters",
                },
                "ref": null,
                "rendered": null,
                "type": [Function],
              },
              Object {
                "instance": null,
                "key": undefined,
                "nodeType": "class",
                "props": Object {
                  "component": [Function],
                  "exact": true,
                  "path": "/houses",
                },
                "ref": null,
                "rendered": null,
                "type": [Function],
              },
              Object {
                "instance": null,
                "key": undefined,
                "nodeType": "class",
                "props": Object {
                  "component": [Function],
                  "exact": true,
                  "path": "/books",
                },
                "ref": null,
                "rendered": null,
                "type": [Function],
              },
              Object {
                "instance": null,
                "key": undefined,
                "nodeType": "class",
                "props": Object {
                  "path": "/books/:id/",
                  "render": [Function],
                },
                "ref": null,
                "rendered": null,
                "type": [Function],
              },
              Object {
                "instance": null,
                "key": undefined,
                "nodeType": "class",
                "props": Object {
                  "component": [Function],
                },
                "ref": null,
                "rendered": null,
                "type": [Function],
              },
            ],
            "type": [Function],
          },
          "type": [Function],
        },
      ],
      "type": Object {
        "$$typeof": Symbol(react.forward_ref),
        "attrs": Array [],
        "componentStyle": ComponentStyle {
          "componentId": "sc-htoDjs",
          "isStatic": true,
          "rules": Array [
            "
  overflow-x: hidden;
  background: url(",
            "got.jpeg",
            ") center center no-repeat;
  background-size: cover;
  font-size: 16px;
  height: 100%;
  min-height: 100vh;
",
          ],
        },
        "displayName": "styled.div",
        "foldedComponentIds": Array [],
        "render": [Function],
        "styledComponentId": "sc-htoDjs",
        "target": "div",
        "toString": [Function],
        "warnTooManyClasses": [Function],
        "withComponent": [Function],
      },
    },
    "type": [Function],
  },
  Symbol(enzyme.__nodes__): Array [
    Object {
      "instance": null,
      "key": undefined,
      "nodeType": "class",
      "props": Object {
        "children": <ForwardRef>
          <Container
            tag="div"
          >
            <Header />
          </Container>
          <Container
            className="pt-5"
            tag="div"
          >
            <Switch>
              <Route
                component={[Function]}
                exact={true}
                path="/"
              />
              <Route
                component={[Function]}
                exact={true}
                path="/characters"
              />
              <Route
                component={[Function]}
                exact={true}
                path="/houses"
              />
              <Route
                component={[Function]}
                exact={true}
                path="/books"
              />
              <Route
                path="/books/:id/"
                render={[Function]}
              />
              <Route
                component={[Function]}
              />
            </Switch>
          </Container>
        </ForwardRef>,
      },
      "ref": null,
      "rendered": Object {
        "instance": null,
        "key": undefined,
        "nodeType": "function",
        "props": Object {
          "children": Array [
            <Container
              tag="div"
            >
              <Header />
            </Container>,
            <Container
              className="pt-5"
              tag="div"
            >
              <Switch>
                <Route
                  component={[Function]}
                  exact={true}
                  path="/"
                />
                <Route
                  component={[Function]}
                  exact={true}
                  path="/characters"
                />
                <Route
                  component={[Function]}
                  exact={true}
                  path="/houses"
                />
                <Route
                  component={[Function]}
                  exact={true}
                  path="/books"
                />
                <Route
                  path="/books/:id/"
                  render={[Function]}
                />
                <Route
                  component={[Function]}
                />
              </Switch>
            </Container>,
          ],
        },
        "ref": null,
        "rendered": Array [
          Object {
            "instance": null,
            "key": undefined,
            "nodeType": "function",
            "props": Object {
              "children": <Header />,
              "tag": "div",
            },
            "ref": null,
            "rendered": Object {
              "instance": null,
              "key": undefined,
              "nodeType": "function",
              "props": Object {},
              "ref": null,
              "rendered": null,
              "type": [Function],
            },
            "type": [Function],
          },
          Object {
            "instance": null,
            "key": undefined,
            "nodeType": "function",
            "props": Object {
              "children": <Switch>
                <Route
                  component={[Function]}
                  exact={true}
                  path="/"
                />
                <Route
                  component={[Function]}
                  exact={true}
                  path="/characters"
                />
                <Route
                  component={[Function]}
                  exact={true}
                  path="/houses"
                />
                <Route
                  component={[Function]}
                  exact={true}
                  path="/books"
                />
                <Route
                  path="/books/:id/"
                  render={[Function]}
                />
                <Route
                  component={[Function]}
                />
              </Switch>,
              "className": "pt-5",
              "tag": "div",
            },
            "ref": null,
            "rendered": Object {
              "instance": null,
              "key": undefined,
              "nodeType": "class",
              "props": Object {
                "children": Array [
                  <Route
                    component={[Function]}
                    exact={true}
                    path="/"
                  />,
                  <Route
                    component={[Function]}
                    exact={true}
                    path="/characters"
                  />,
                  <Route
                    component={[Function]}
                    exact={true}
                    path="/houses"
                  />,
                  <Route
                    component={[Function]}
                    exact={true}
                    path="/books"
                  />,
                  <Route
                    path="/books/:id/"
                    render={[Function]}
                  />,
                  <Route
                    component={[Function]}
                  />,
                ],
              },
              "ref": null,
              "rendered": Array [
                Object {
                  "instance": null,
                  "key": undefined,
                  "nodeType": "class",
                  "props": Object {
                    "component": [Function],
                    "exact": true,
                    "path": "/",
                  },
                  "ref": null,
                  "rendered": null,
                  "type": [Function],
                },
                Object {
                  "instance": null,
                  "key": undefined,
                  "nodeType": "class",
                  "props": Object {
                    "component": [Function],
                    "exact": true,
                    "path": "/characters",
                  },
                  "ref": null,
                  "rendered": null,
                  "type": [Function],
                },
                Object {
                  "instance": null,
                  "key": undefined,
                  "nodeType": "class",
                  "props": Object {
                    "component": [Function],
                    "exact": true,
                    "path": "/houses",
                  },
                  "ref": null,
                  "rendered": null,
                  "type": [Function],
                },
                Object {
                  "instance": null,
                  "key": undefined,
                  "nodeType": "class",
                  "props": Object {
                    "component": [Function],
                    "exact": true,
                    "path": "/books",
                  },
                  "ref": null,
                  "rendered": null,
                  "type": [Function],
                },
                Object {
                  "instance": null,
                  "key": undefined,
                  "nodeType": "class",
                  "props": Object {
                    "path": "/books/:id/",
                    "render": [Function],
                  },
                  "ref": null,
                  "rendered": null,
                  "type": [Function],
                },
                Object {
                  "instance": null,
                  "key": undefined,
                  "nodeType": "class",
                  "props": Object {
                    "component": [Function],
                  },
                  "ref": null,
                  "rendered": null,
                  "type": [Function],
                },
              ],
              "type": [Function],
            },
            "type": [Function],
          },
        ],
        "type": Object {
          "$$typeof": Symbol(react.forward_ref),
          "attrs": Array [],
          "componentStyle": ComponentStyle {
            "componentId": "sc-htoDjs",
            "isStatic": true,
            "rules": Array [
              "
  overflow-x: hidden;
  background: url(",
              "got.jpeg",
              ") center center no-repeat;
  background-size: cover;
  font-size: 16px;
  height: 100%;
  min-height: 100vh;
",
            ],
          },
          "displayName": "styled.div",
          "foldedComponentIds": Array [],
          "render": [Function],
          "styledComponentId": "sc-htoDjs",
          "target": "div",
          "toString": [Function],
          "warnTooManyClasses": [Function],
          "withComponent": [Function],
        },
      },
      "type": [Function],
    },
  ],
  Symbol(enzyme.__options__): Object {
    "adapter": ReactSixteenAdapter {
      "options": Object {
        "enableComponentDidUpdateOnSetState": true,
        "legacyContextMode": "parent",
        "lifecycles": Object {
          "componentDidUpdate": Object {
            "onSetState": true,
          },
          "getChildContext": Object {
            "calledByRenderer": false,
          },
          "getDerivedStateFromProps": true,
          "getSnapshotBeforeUpdate": true,
          "setState": Object {
            "skipsComponentDidUpdateOnNullish": true,
          },
        },
      },
    },
  },
}
`;
